// Jest Snapshot v1, https://goo.gl/fbAQLP

exports[`renders correctly 1`] = `
<div>
  <li
    className="border-bottom padLeftBottom"
  />
</div>
`;
